<?xml version='1.0' encoding='utf-8'?>
<testsuites name="seat_heating_control_conver" tests="3" errors="0" failures="2" skipped="0" timestamp="2025-01-29T19:15:20.599504" time="8"><testsuite name="Requirements-based Tests SIL" tests="1" errors="0" failures="1" skipped="0"><testcase name="tc1"><failure /></testcase></testsuite><testsuite name="Requirements-based Tests SL MIL" tests="2" errors="0" failures="2" skipped="0"><testcase name="tc1"><failure /></testcase></testsuite><testsuite name="B2B Test SL MIL vs. SIL" tests="1"><testcase name="B2B Test SL MIL vs. SIL" /></testsuite></testsuites>